[2026-03-22 22:10:26] Début envoi vers deciusisaac491@gmail.com
[2026-03-22 22:10:30] Succès envoi vers deciusisaac491@gmail.com
[2026-03-22 22:12:13] Début envoi vers deciusisaac491@gmail.com
[2026-03-22 22:12:16] Succès envoi vers deciusisaac491@gmail.com
[2026-03-22 22:13:22] Début envoi vers deciusisaac491@gmail.com
[2026-03-22 22:13:25] Succès envoi vers deciusisaac491@gmail.com
[2026-03-22 22:13:25] Début envoi vers GHHHG@gmail.com
[2026-03-22 22:13:28] Succès envoi vers GHHHG@gmail.com
[2026-03-22 22:13:28] Début envoi vers isaacdkffd@gmail.com
[2026-03-22 22:13:32] Succès envoi vers isaacdkffd@gmail.com
[2026-03-22 22:13:32] Début envoi vers jeanphilippemael2@gmail.com
[2026-03-22 22:13:36] Succès envoi vers jeanphilippemael2@gmail.com
[2026-03-22 23:20:59] Début envoi vers deciusisaac491@gmail.com
[2026-03-22 23:21:04] Succès envoi vers deciusisaac491@gmail.com
[2026-03-22 23:21:04] Début envoi vers isaacdkffd@gmail.com
[2026-03-22 23:21:08] Succès envoi vers isaacdkffd@gmail.com
[2026-03-22 23:21:08] Début envoi vers jeanphilippemael2@gmail.com
[2026-03-22 23:21:11] Succès envoi vers jeanphilippemael2@gmail.com
[2026-03-22 23:26:13] Début envoi vers deciusisaac491@gmail.com
[2026-03-22 23:26:17] Succès envoi vers deciusisaac491@gmail.com
[2026-03-22 23:26:17] Début envoi vers isaacdkffd@gmail.com
[2026-03-22 23:26:21] Succès envoi vers isaacdkffd@gmail.com
[2026-03-22 23:26:21] Début envoi vers jeanphilippemael2@gmail.com
[2026-03-22 23:26:25] Succès envoi vers jeanphilippemael2@gmail.com
[2026-04-10 01:58:51] Début envoi vers deciusisaac491@gmail.com
[2026-04-10 01:58:53] Erreur envoi vers deciusisaac491@gmail.com : SMTP Error: Could not authenticate.
[2026-04-10 01:58:53] Début envoi vers isaacdkffd@gmail.com
[2026-04-10 01:58:54] Erreur envoi vers isaacdkffd@gmail.com : SMTP Error: Could not authenticate.
[2026-04-10 01:58:54] Début envoi vers jeanphilippemael2@gmail.com
[2026-04-10 01:58:56] Erreur envoi vers jeanphilippemael2@gmail.com : SMTP Error: Could not authenticate.
[2026-04-10 01:59:29] Début envoi vers deciusisaac491@gmail.com
[2026-04-10 01:59:30] Erreur envoi vers deciusisaac491@gmail.com : SMTP Error: Could not authenticate.
[2026-04-10 02:11:20] Début envoi vers deciusisaac491@gmail.com
[2026-04-10 02:11:24] Succès envoi vers deciusisaac491@gmail.com
[2026-04-10 02:49:05] Début envoi vers deciusisaac491@gmail.com
[2026-04-10 02:49:10] Succès envoi vers deciusisaac491@gmail.com
[2026-04-10 02:49:10] Début envoi vers isaacdkffd@gmail.com
[2026-04-10 02:49:14] Succès envoi vers isaacdkffd@gmail.com
[2026-04-10 02:56:55] Début envoi vers deciusisaac491@gmail.com
[2026-04-10 02:56:59] Succès envoi vers deciusisaac491@gmail.com
[2026-04-10 02:56:59] Début envoi vers isaacdkffd@gmail.com
[2026-04-10 02:57:04] Succès envoi vers isaacdkffd@gmail.com
[2026-04-10 02:59:45] Début envoi vers deciusisaac491@gmail.com
[2026-04-10 02:59:49] Succès envoi vers deciusisaac491@gmail.com
[2026-04-10 02:59:49] Début envoi vers isaacdkffd@gmail.com
[2026-04-10 02:59:54] Succès envoi vers isaacdkffd@gmail.com
[2026-04-10 03:01:27] Début envoi vers deciusisaac491@gmail.com
[2026-04-10 03:01:32] Succès envoi vers deciusisaac491@gmail.com
[2026-04-10 03:01:32] Début envoi vers isaacdkffd@gmail.com
[2026-04-10 03:01:37] Succès envoi vers isaacdkffd@gmail.com
[2026-04-10 03:33:12] Début envoi vers deciusisaac491@gmail.com
[2026-04-10 03:33:16] Succès envoi vers deciusisaac491@gmail.com
[2026-04-10 03:33:16] Début envoi vers isaacdkffd@gmail.com
[2026-04-10 03:33:21] Succès envoi vers isaacdkffd@gmail.com
[2026-04-12 03:39:16] Début envoi vers deciusisaac491@gmail.com
[2026-04-12 03:39:22] Succès envoi vers deciusisaac491@gmail.com
[2026-04-12 03:40:24] Début envoi vers deciusisaac491@gmail.com
[2026-04-12 03:40:28] Succès envoi vers deciusisaac491@gmail.com
[2026-04-12 03:40:28] Début envoi vers skinsayesha@gmail.com
[2026-04-12 03:40:32] Succès envoi vers skinsayesha@gmail.com
[2026-04-12 03:40:32] Début envoi vers deciusisaac491@gmail.com
[2026-04-12 03:40:38] Succès envoi vers deciusisaac491@gmail.com
[2026-04-12 03:40:38] Début envoi vers skinsayesha@gmail.com
[2026-04-12 03:40:42] Succès envoi vers skinsayesha@gmail.com
[2026-04-12 03:44:18] Début envoi vers deciusisaac491@gmail.com
[2026-04-12 03:44:22] Succès envoi vers deciusisaac491@gmail.com
[2026-04-12 03:44:22] Début envoi vers skinsayesha@gmail.com
[2026-04-12 03:44:26] Succès envoi vers skinsayesha@gmail.com
[2026-04-12 03:47:36] Début envoi vers beautyidda246@gmail.com
[2026-04-12 03:47:41] Succès envoi vers beautyidda246@gmail.com
[2026-04-12 03:49:28] Début envoi vers deciusisaac491@gmail.com
[2026-04-12 03:49:33] Succès envoi vers deciusisaac491@gmail.com
[2026-04-12 03:49:33] Début envoi vers skinsayesha@gmail.com
[2026-04-12 03:49:37] Succès envoi vers skinsayesha@gmail.com
[2026-04-12 04:20:15] Début envoi vers beautyidda246@gmail.com
[2026-04-12 04:20:19] Succès envoi vers beautyidda246@gmail.com
[2026-04-12 04:25:53] Début envoi vers beautyidda246@gmail.com
[2026-04-12 04:25:57] Succès envoi vers beautyidda246@gmail.com
[2026-04-12 04:26:11] Début envoi vers beautyidda246@gmail.com
[2026-04-12 04:26:15] Succès envoi vers beautyidda246@gmail.com
[2026-04-12 04:26:32] Début envoi vers deciusisaac491@gmail.com
[2026-04-12 04:26:36] Succès envoi vers deciusisaac491@gmail.com
[2026-04-12 04:28:01] Début envoi vers skinsayesha@gmail.com
[2026-04-12 04:28:05] Succès envoi vers skinsayesha@gmail.com
[2026-04-13 22:31:53] Début envoi vers skinsayesha@gmail.com
[2026-04-13 22:31:57] Succès envoi vers skinsayesha@gmail.com
[2026-04-13 22:32:05] Début envoi vers deciusisaac491@gmail.com
[2026-04-13 22:32:09] Succès envoi vers deciusisaac491@gmail.com
[2026-04-13 22:32:09] Début envoi vers skinsayesha@gmail.com
[2026-04-13 22:32:12] Succès envoi vers skinsayesha@gmail.com
[2026-04-13 22:32:25] Début envoi vers deciusisaac491@gmail.com
[2026-04-13 22:32:29] Succès envoi vers deciusisaac491@gmail.com
[2026-04-13 22:32:29] Début envoi vers skinsayesha@gmail.com
[2026-04-13 22:32:34] Succès envoi vers skinsayesha@gmail.com
[2026-04-17 10:39:41] Début envoi vers deciusisaac491@gmail.com
[2026-04-17 10:39:45] Succès envoi vers deciusisaac491@gmail.com
[2026-04-17 10:39:45] Début envoi vers stephane.n-sonde@ac-guyane.fr
[2026-04-17 10:39:49] Succès envoi vers stephane.n-sonde@ac-guyane.fr
[2026-04-17 10:39:49] Début envoi vers deciusisaac491@gmail.com
[2026-04-17 10:39:53] Succès envoi vers deciusisaac491@gmail.com
[2026-04-17 10:39:53] Début envoi vers stephane.n-sonde@ac-guyane.fr
[2026-04-17 10:39:57] Succès envoi vers stephane.n-sonde@ac-guyane.fr
[2026-05-07 19:27:53] Début envoi vers deciusisaac491@gmail.com
[2026-05-07 19:27:57] Succès envoi vers deciusisaac491@gmail.com
[2026-05-07 19:29:00] Début envoi vers deciusisaac491@gmail.com
[2026-05-07 19:29:05] Succès envoi vers deciusisaac491@gmail.com
[2026-05-09 02:10:06] Début envoi vers deciusisaac491@gmail.com
[2026-05-09 02:10:10] Succès envoi vers deciusisaac491@gmail.com
